output =>
bro out 
